###############################################################################
#                                                                             #
# IAR ELF Linker V6.40.2.53884/W32 for ARM              02/Apr/2013  16:59:53 #
# Copyright 2007-2012 IAR Systems AB.                                         #
#                                                                             #
#    Output file  =  C:\Users\sidorov.a\workspace\mdr1986x-std-per-lib\iar_ar #
#                    m\arm\src\MDR32F1x\FlashMDR32F1xRAM4K\Exe\FlashMDR32F1xR #
#                    AM4K.out                                                 #
#    Map file     =  C:\Users\sidorov.a\workspace\mdr1986x-std-per-lib\iar_ar #
#                    m\arm\src\MDR32F1x\FlashMDR32F1xRAM4K\List\FlashMDR32F1x #
#                    RAM4K.map                                                #
#    Command line =  C:\Users\sidorov.a\workspace\mdr1986x-std-per-lib\iar_ar #
#                    m\arm\src\MDR32F1x\FlashMDR32F1xRAM4K\Obj\FlashMDR32F1x. #
#                    o C:\Users\sidorov.a\workspace\mdr1986x-std-per-lib\iar_ #
#                    arm\arm\src\MDR32F1x\FlashMDR32F1xRAM4K\Obj\flash_loader #
#                    .o C:\Users\sidorov.a\workspace\mdr1986x-std-per-lib\iar #
#                    _arm\arm\src\MDR32F1x\FlashMDR32F1xRAM4K\Obj\flash_loade #
#                    r_asm.o --redirect _Printf=_PrintfTiny --redirect        #
#                    _Scanf=_ScanfSmall -o C:\Users\sidorov.a\workspace\mdr19 #
#                    86x-std-per-lib\iar_arm\arm\src\MDR32F1x\FlashMDR32F1xRA #
#                    M4K\Exe\FlashMDR32F1xRAM4K.out --map                     #
#                    C:\Users\sidorov.a\workspace\mdr1986x-std-per-lib\iar_ar #
#                    m\arm\src\MDR32F1x\FlashMDR32F1xRAM4K\List\FlashMDR32F1x #
#                    RAM4K.map --config C:\Users\sidorov.a\workspace\mdr1986x #
#                    -std-per-lib\iar_arm\arm\src\MDR32F1x\MDR32F1x4k.icf     #
#                    --semihosting --entry FlashInitEntry --redirect          #
#                    __iar_sh_stdout=__iar_sh_stdout_swo --vfe                #
#                                                                             #
#                                                                             #
###############################################################################

*******************************************************************************
*** RUNTIME MODEL ATTRIBUTES
***

CppFlavor       = *
__SystemLibrary = DLib


*******************************************************************************
*** PLACEMENT SUMMARY
***

"A1":  place at 0x20000000 { section .intvec };
"A2":  place at start of [0x20001000-0x20001fff] { block RamTop };
"A3":  place at end of [0x20001000-0x20001fff] { block RamBottom };

  Section      Kind        Address   Size  Object
  -------      ----        -------   ----  ------
"A1":                                0x20
  .intvec      ro code  0x20000000   0x20  flash_loader_asm.o [1]
                      - 0x20000020   0x20

"A2":                               0x300
  RamTop                0x20001000  0x300  <Block>
    .text      ro code  0x20001000  0x1fc  FlashMDR32F1x.o [1]
    .text      ro code  0x200011fc   0x9a  flash_loader.o [1]
    .text      ro code  0x20001298   0x18  flash_loader_asm.o [1]
    LOWEND     const    0x20001300    0x0  flash_loader_asm.o [1]
                      - 0x20001300  0x300

"A3":                                0x94
  RamBottom             0x20001f6c   0x94  <Block>
    HIGHSTART  const    0x20001f6c    0x0  flash_loader_asm.o [1]
    .noinit    uninit   0x20001f6c   0x14  flash_loader.o [1]
    CSTACK              0x20001f80   0x80  <Block>
      CSTACK   uninit   0x20001f80   0x80  <Block tail>
                      - 0x20002000   0x94



*******************************************************************************
*** MODULE SUMMARY
***

    Module              ro code  rw data
    ------              -------  -------
C:\Users\sidorov.a\workspace\mdr1986x-std-per-lib\iar_arm\arm\src\MDR32F1x\FlashMDR32F1xRAM4K\Obj: [1]
    FlashMDR32F1x.o         508
    flash_loader.o          154       20
    flash_loader_asm.o       56
    ------------------------------------
    Total:                  718       20

    Gaps                      2       80
    Linker created                   128
----------------------------------------
    Grand Total:            720      228


*******************************************************************************
*** ENTRY LIST
***

Entry                    Address   Size  Type      Object
-----                    -------   ----  ----      ------
CSTACK$$Base          0x20001f80          --   Gb  - Linker created -
CSTACK$$Limit         0x20002000          --   Gb  - Linker created -
Fl2FlashEraseWriteEntry
                      0x20001235   0x5a  Code  Gb  flash_loader.o [1]
Fl2FlashInitEntry     0x200011fd   0x1c  Code  Gb  flash_loader.o [1]
Fl2FlashWriteEntry    0x20001219   0x1c  Code  Gb  flash_loader.o [1]
FlashBreak            0x20001295    0x2  Code  Gb  flash_loader.o [1]
FlashBufferEnd        0x20001f6c         Data  Gb  flash_loader_asm.o [1]
FlashBufferStart      0x20001300         Data  Gb  flash_loader_asm.o [1]
FlashErase            0x2000113d   0x98  Code  Gb  FlashMDR32F1x.o [1]
FlashEraseWriteEntry  0x200012a9         Code  Gb  flash_loader_asm.o [1]
FlashInit             0x20001001   0x28  Code  Gb  FlashMDR32F1x.o [1]
FlashInitEntry        0x20001299         Code  Gb  flash_loader_asm.o [1]
FlashWrite            0x20001029  0x114  Code  Gb  FlashMDR32F1x.o [1]
FlashWriteEntry       0x200012a1         Code  Gb  flash_loader_asm.o [1]
RamBottom$$Base       0x20001f6c          --   Gb  - Linker created -
RamBottom$$Limit      0x20002000          --   Gb  - Linker created -
RamTop$$Base          0x20001000          --   Gb  - Linker created -
RamTop$$Limit         0x20001300          --   Gb  - Linker created -
Region$$Table$$Base   0x00000000          --   Gb  - Linker created -
Region$$Table$$Limit  0x00000000          --   Gb  - Linker created -
__vector_table        0x20000000         Data  Gb  flash_loader_asm.o [1]
theFlashParams        0x20001f6c   0x14  Data  Gb  flash_loader.o [1]


[1] = C:\Users\sidorov.a\workspace\mdr1986x-std-per-lib\iar_arm\arm\src\MDR32F1x\FlashMDR32F1xRAM4K\Obj
[2] = command line
[3] = dl7M_tlf.a
[4] = rt7M_tl.a
[5] = shb_l.a

  720 bytes of readonly  code memory
  228 bytes of readwrite data memory

Errors: none
Warnings: none
